<!DOCTYPE html>
<html lang="en">
<head>
    <meta charset="UTF-8">
    <meta name="viewport" content="width=device-width, initial-scale=1.0">
    <meta http-equiv="X-UA-Compatible" content="ie=edge">
    <title>Golden</title>
    
    <link rel="stylesheet" href="https://stackpath.bootstrapcdn.com/bootstrap/4.2.1/css/bootstrap.min.css" integrity="sha384-GJzZqFGwb1QTTN6wy59ffF1BuGJpLSa9DkKMp0DgiMDm4iYMj70gZWKYbI706tWS" crossorigin="anonymous">
    <link rel="stylesheet" href="style.css">
    <link rel="stylesheet" href="css/hover.css">
    <link rel="stylesheet" href="https://use.fontawesome.com/releases/v5.6.3/css/all.css" integrity="sha384-UHRtZLI+pbxtHCWp1t77Bi1L4ZtiqrqD80Kn4Z8NTSRyMA2Fd33n5dQ8lWUE00s/" crossorigin="anonymous">
</head>
<body>
    
    <header>
        <div class="container">
            <div class="menu">
                <nav class="navbar navbar-expand-lg">
                    <div class="navbar-collapse" id="navbarSupportedContent">
                        <div class="container">
                            <div class="row d-flex justify-content-between">
                                <div class="col">
                                    <a class="navbar-brand" href="#"><img src="images/golden.png" alt=""></a>
                                </div>
                                <div class="col d-flex justify-content-end">
                                    <ul id="menu" class="navbar-nav">

                                        <button id="menuButton" class="d-lg-none" onclick="openMenu()"><i class="fas fa-bars"></i></button>

                                        <li class="d-none d-lg-block nav-item">
                                          <a class="nav-link" href="#">Home</a>
                                        </li>
                                        <li class="d-none d-lg-block nav-item">
                                            <a class="nav-link" href="#">Service</a>
                                        </li>
                                                        
                                        <li class="d-none d-lg-block nav-item">
                                            <a class="nav-link" href="#">Portfolio</a>
                                        </li>
                        
                                        <li class="d-none d-lg-block nav-item">
                                            <a class="nav-link" href="#">About</a>
                                        </li>
                        
                                        <li class="d-none d-lg-block nav-item">
                                          <a class="nav-link" href="#">Contact</a>
                                        </li>
                                        
                                        
                                    </ul>
                                </div>
                            </div>
                        </div>
                    </div>
                </nav>
            </div>

            <div class="welcome text-center">
                <div class="row">
                    <div class="col">
                        <h2>Welcome To Our Studio!</h2>
                        <h1>IT'S NICE TO MEET YOU</h1>
                    </div>
                </div>
                
                <div class="row">
                    <div class="col">
                        <button>TELL ME MORE</button>
                    </div>
                </div>
            </div>
        </div>
        
    </header>

    <article>
      <div class="container">
        <div class="row">
          <div class="col text-center">
            <h2 class="bold-text">SERVICES</h2>
            <p>Proin iaculis purus consequat sem cure</p>
          </div>
        </div>

        <div class="service">
          <div class="row">

            <div class="col-md-12 col-lg-4 text-center">
              <img src="images/1.png" alt="">
              <h3>E-Commerce</h3>
              <p>Proin iaculis purus consequat sem cure 
                digni ssim. Donec porttitora entum suscipit 
                aenean rhoncus posuere odio in tincidunt.
              </p>
            </div>

            <div class="col-md-12 col-lg-4 text-center">
              <img src="images/1.png" alt="">
              <h3>E-Commerce</h3>
              <p>Proin iaculis purus consequat sem cure 
                digni ssim. Donec porttitora entum suscipit 
                aenean rhoncus posuere odio in tincidunt.
              </p>
            </div>

            <div class="col-md-12 col-lg-4 text-center">
              <img src="images/1.png" alt="">
              <h3>E-Commerce</h3>
              <p>Proin iaculis purus consequat sem cure 
                digni ssim. Donec porttitora entum suscipit 
                aenean rhoncus posuere odio in tincidunt.
              </p>
            </div>


          </div>
        </div>
      </div>
    </article>

    <section class="portfolio">
        <div class="container">
          <div class="row">
            <div class="col text-center">
              <h2 class="bold-text">OUR PORTFOLIO</h2>
              <p>Proin iaculis purus consequat sem cure.</p>
            </div>
          </div>

          <div class="glr-photos">
            <div class="row">
              <div class="col-12 col-md-6 col-lg-4 text-center d-flex justify-content-center">
                <div class="glr-content hvr-float-shadow">
                  <div class="glr-img hvr-grow-rotate"><img src="images/port/1.jpg" alt=""></div>
                  <div class="glr-text">
                    <h4>Ebony & Ivory</h4>
                    <p>Branding</p>
                  </div>
                </div>
              </div>

              <div class="col-12 col-md-6 col-lg-4 text-center text-center d-flex justify-content-center">
                <div class="glr-content hvr-float-shadow">
                  <div class="glr-img hvr-grow-rotate"><img src="images/port/1.jpg" alt=""></div>
                  <div class="glr-text">
                    <h4>Ebony & Ivory</h4>
                    <p>Branding</p>
                  </div>
                </div>
              </div>

              <div class="col-12 col-lg-4 text-center text-center d-flex justify-content-center">
                <div class="glr-content hvr-float-shadow">
                  <div class="glr-img hvr-grow-rotate"><img src="images/port/1.jpg" alt=""></div>
                  <div class="glr-text">
                    <h4>Ebony & Ivory</h4>
                    <p>Branding</p>
                  </div>
                </div>
              </div>

              

              <div class="col-12 col-md-6 col-lg-4 text-center d-flex justify-content-center">
                <div class="glr-content hvr-float-shadow">
                  <div class="glr-img hvr-grow-rotate"><img src="images/port/1.jpg" alt=""></div>
                  <div class="glr-text">
                    <h4>Ebony & Ivory</h4>
                    <p>Branding</p>
                  </div>
                </div>
              </div>

              <div class="col-12 col-md-6 col-lg-4 text-center text-center d-flex justify-content-center">
                <div class="glr-content hvr-float-shadow">
                  <div class="glr-img hvr-grow-rotate"><img src="images/port/1.jpg" alt=""></div>
                  <div class="glr-text">
                    <h4>Ebony & Ivory</h4>
                    <p>Branding</p>
                  </div>
                </div>
              </div>

              <div class="col-12 col-lg-4 text-center text-center d-flex justify-content-center">
                <div class="glr-content hvr-float-shadow">
                  <div class="glr-img hvr-grow-rotate"><img src="images/port/1.jpg" alt=""></div>
                  <div class="glr-text">
                    <h4>Ebony & Ivory</h4>
                    <p>Branding</p>
                  </div>
                </div>
              </div>
            </div>
          </div>

          <!-- <div class="glr-photos">
              <div class="row">
                <div class="col-4 text-center d-flex justify-content-end">
                  <div class="glr-content">
                    <div class="glr-img"><img src="images/port/1.jpg" alt=""></div>
                    <div class="glr-text">
                      <h4>Ebony & Ivory</h4>
                      <p>Branding</p>
                    </div>
                  </div>
                </div>
  
                <div class="col-4 text-center text-center d-flex justify-content-center">
                  <div class="glr-content">
                    <div class="glr-img"><img src="images/port/1.jpg" alt=""></div>
                    <div class="glr-text">
                      <h4>Ebony & Ivory</h4>
                      <p>Branding</p>
                    </div>
                  </div>
                </div>
  
                <div class="col-4 text-center text-center d-flex justify-content-start">
                  <div class="glr-content">
                    <div class="glr-img"><img src="images/port/1.jpg" alt=""></div>
                    <div class="glr-text">
                      <h4>Ebony & Ivory</h4>
                      <p>Branding</p>
                    </div>
                  </div>
                </div>
              </div>
            </div> -->
        </div>
    </section>



    <section class="about-us">
      <div class="container">
        <div class="row">
          <div class="col text-center">
            <h2>About Us</h2>
          </div>
        </div>

        <div class="row">
          <div class="col d-none d-xl-block">
            <div class="text">
                <h3>July 2010 <br>
                Our Humble Beginnings
            </h3>
            <p>
                Proin iaculis purus consequat sem cure 
                digni ssim. Donec porttitora entum suscipit 
                aenean rhoncus posuere odio in tincidunt. Proin 
                iaculis purus consequat sem cure digni 
                ssim. Donec porttitora entum suscipit.
            </p>
            </div>
          </div>

          <div class="col d-flex justify-content-center align-items-end">
            <div class="time-img hvr-grow-rotate">
              <img src="images/timeline/1.jpg" alt="" class="">
            </div>
            
          </div>

          <div class="col">
            <div class="text-start d-lg-block d-xl-none">
                <h3>July 2010 <br>
                Our Humble Beginnings
            </h3>
            <p>
                Proin iaculis purus consequat sem cure 
                digni ssim. Donec porttitora entum suscipit 
                aenean rhoncus posuere odio in tincidunt. Proin 
                iaculis purus consequat sem cure digni 
                ssim. Donec porttitora entum suscipit.
            </p>
            </div>
          </div>
        </div>


        <div class="row">
          <div class="col d-none d-xl-block">
            
          </div>

          <div class="col d-flex justify-content-center align-items-end">
            <div class="time-img hvr-grow-rotate">
              <img src="images/timeline/1.jpg" alt="" class="">
            </div>
            
          </div>

          <div class="col">
            <div class="text-start">
                <h3>July 2010 <br>
                Our Humble Beginnings
            </h3>
            <p>
                Proin iaculis purus consequat sem cure 
                digni ssim. Donec porttitora entum suscipit 
                aenean rhoncus posuere odio in tincidunt. Proin 
                iaculis purus consequat sem cure digni 
                ssim. Donec porttitora entum suscipit.
            </p>
            </div>
          </div>
        </div>



        <div class="row">
          <div class="col d-none d-xl-block">
            <div class="text">
                <h3>July 2010 <br>
                Our Humble Beginnings
            </h3>
            <p>
                Proin iaculis purus consequat sem cure 
                digni ssim. Donec porttitora entum suscipit 
                aenean rhoncus posuere odio in tincidunt. Proin 
                iaculis purus consequat sem cure digni 
                ssim. Donec porttitora entum suscipit.
            </p>
            </div>
          </div>

          <div class="col d-flex justify-content-center align-items-end">
            <div class="time-img hvr-grow-rotate">
              <img src="images/timeline/1.jpg" alt="" class="">
            </div>
            
          </div>

          <div class="col">
            <div class="text-start d-lg-block d-xl-none">
                <h3>July 2010 <br>
                Our Humble Beginnings
            </h3>
            <p>
                Proin iaculis purus consequat sem cure 
                digni ssim. Donec porttitora entum suscipit 
                aenean rhoncus posuere odio in tincidunt. Proin 
                iaculis purus consequat sem cure digni 
                ssim. Donec porttitora entum suscipit.
            </p>
            </div>
          </div>
        </div>



        <div class="row">
          <div class="col d-none d-xl-block">
            
          </div>

          <div class="col d-flex justify-content-center align-items-end">
            <div class="time-img hvr-grow-rotate">
              <img src="images/timeline/1.jpg" alt="" class="">
            </div>
            
          </div>

          <div class="col">
            <div class="text-start">
                <h3>July 2010 <br>
                Our Humble Beginnings
            </h3>
            <p>
                Proin iaculis purus consequat sem cure 
                digni ssim. Donec porttitora entum suscipit 
                aenean rhoncus posuere odio in tincidunt. Proin 
                iaculis purus consequat sem cure digni 
                ssim. Donec porttitora entum suscipit.
            </p>
            </div>
          </div>
        </div>
      </div>
    </section>


    <section class="team">
      <div class="container">
        <div class="row">
          <div class="col text-center">
            <h2 class="bold-text">OUR AMAZING TEAM</h2>
            <p>Proin iaculis purus consequat sem cure.</p>
          </div>
        </div>

        <div class="team-content">
          <div class="row">
            <div class="col d-flex flex-column justify-content-center">
              <div class="team-photo m-auto hvr-wobble-skew"><img src="" alt=""></div>
              <div class="team-text text-center">
                <h5>Kimberly Thompson</h5>
                <p>Marketer</p>
              </div>
              <div class="team-social d-flex flex-row justify-content-center">
                <a href="">
                  <div class="social-icon d-flex justify-content-center align-items-center hvr-bounce-in">
                    <i class="fab fa-twitter"></i>
                  </div>
                </a>
                <a href="">
                  <div class="social-icon d-flex justify-content-center align-items-center hvr-bounce-in">
                    <i class="fab fa-facebook-f"></i>
                  </div>
                </a>
                <a href="">
                  <div class="social-icon d-flex justify-content-center align-items-center hvr-bounce-in">
                    <i class="fab fa-pinterest-p"></i>
                  </div>
                </a>
              </div>
            </div>



            <div class="col d-flex flex-column justify-content-center">
              <div class="team-photo m-auto hvr-wobble-skew"><img src="" alt=""></div>
              <div class="team-text text-center">
                <h5>Kimberly Thompson</h5>
                <p>Marketer</p>
              </div>
              <div class="team-social d-flex flex-row justify-content-center">
                <a href="">
                  <div class="social-icon d-flex justify-content-center align-items-center hvr-bounce-in">
                    <i class="fab fa-twitter"></i>
                  </div>
                </a>
                <a href="">
                  <div class="social-icon d-flex justify-content-center align-items-center hvr-bounce-in">
                    <i class="fab fa-facebook-f"></i>
                  </div>
                </a>
                <a href="">
                  <div class="social-icon d-flex justify-content-center align-items-center hvr-bounce-in">
                    <i class="fab fa-pinterest-p"></i>
                  </div>
                </a>
              </div>
            </div>


            <div class="col d-flex flex-column justify-content-center">
              <div class="team-photo m-auto hvr-wobble-skew"><img src="" alt=""></div>
              <div class="team-text text-center m-auto">
                <h5>Kimberly Thompson</h5>
                <p>Marketer</p>
              </div>
              <div class="team-social d-flex flex-row justify-content-center">
                <a href="">
                  <div class="social-icon d-flex justify-content-center align-items-center hvr-bounce-in">
                    <i class="fab fa-twitter"></i>
                  </div>
                </a>
                <a href="">
                  <div class="social-icon d-flex justify-content-center align-items-center hvr-bounce-in">
                    <i class="fab fa-facebook-f"></i>
                  </div>
                </a>
                <a href="">
                  <div class="social-icon d-flex justify-content-center align-items-center hvr-bounce-in">
                    <i class="fab fa-pinterest-p"></i>
                  </div>
                </a>
              </div>
            </div>
          </div>
        </div>

        <div class="row">
          <div class="col text-center">
            <p>Proin iaculis purus consequat sem cure  digni ssim donec porttitora entum suscipit <br>  
                aenean rhoncus posuere odio in tincidunt proin iaculis.</p>
          </div>
        </div>
      </div>
    </section>

    <section class="logos">
      <div class="container">
        <div class="row">
          <div class="col-12 col-sm-6 col-lg d-flex justify-content-center align-items-center mb-4">
            <img src="images/len.png" alt="">
          </div>

          <div class="col-12 col-sm-6 col-lg d-flex justify-content-center align-items-center mb-4">
            <img src="images/wordpress.png" alt="">
          </div>

          <div class="col-12 col-sm-6 col-lg d-flex justify-content-center align-items-center mb-4">
            <img src="images/tuts.png" alt="">
          </div>

          <div class="col-12 col-sm-6 col-lg d-flex justify-content-center align-items-center mb-4">
            <img src="images/micro.png" alt="">
          </div>
        </div>
      </div>
    </section>


    <section class="contact-us">
      <div class="container">
        <div class="row">
          <div class="col text-center">
            <div class="contact-text">
              <h2>CONTACT US</h2>
              <p>Proin iaculis purus consequat sem cure.</p>
            </div>
          </div>
        </div>

        <div class="contact">
          <div class="row">
            <div class="col-6">
                <input type="text" placeholder="YOUR NAME*"> 
                <input type="text" placeholder="YOUR E-MAIL*">
                <input type="text" placeholder="SUBJECT">
              </div>
        
              <div class="col-6">
                <textarea name="" id="" cols="30" rows="10" placeholder="YOUR MESSAGE*"></textarea>
              </div>
          </div>

          <div class="row">
            <div class="col text-center">
              <button>SEND MESSAGE</button>
            </div>
          </div>
        </div>
        
      </div>
    </section>


    <footer>
      <div class="container">
        <div class="row">
          <div class="col-4">
            <p>© Copyright 2014 FreebiesXpress.com</p>
          </div>

          <div class="col-8">
            <div class="footer-social d-flex flex-row justify-content-center">
                <a href="">
                  <div class="social-icon d-flex justify-content-center align-items-center hvr-buzz-out">
                    <i class="fab fa-twitter"></i>
                  </div>
                </a>
                <a href="">
                  <div class="social-icon d-flex justify-content-center align-items-center hvr-buzz-out">
                    <i class="fab fa-facebook-f"></i>
                  </div>
                </a>
                <a href="">
                  <div class="social-icon d-flex justify-content-center align-items-center hvr-buzz-out">
                    <i class="fab fa-pinterest-p"></i>
                  </div>
                </a>

                <a href="">
                  <div class="social-icon d-flex justify-content-center align-items-center hvr-buzz-out">
                      <i class="fab fa-google-plus-g"></i>
                  </div>
                </a>
              </div>
          </div>
        </div>
      </div>
    </footer>


    <!-- Optional JavaScript -->
    <!-- jQuery first, then Popper.js, then Bootstrap JS -->
    <script src="js/main.js"></script>
    <script src="https://code.jquery.com/jquery-3.3.1.slim.min.js" integrity="sha384-q8i/X+965DzO0rT7abK41JStQIAqVgRVzpbzo5smXKp4YfRvH+8abtTE1Pi6jizo" crossorigin="anonymous"></script>
    <script src="https://cdnjs.cloudflare.com/ajax/libs/popper.js/1.14.6/umd/popper.min.js" integrity="sha384-wHAiFfRlMFy6i5SRaxvfOCifBUQy1xHdJ/yoi7FRNXMRBu5WHdZYu1hA6ZOblgut" crossorigin="anonymous"></script>
    <script src="https://stackpath.bootstrapcdn.com/bootstrap/4.2.1/js/bootstrap.min.js" integrity="sha384-B0UglyR+jN6CkvvICOB2joaf5I4l3gm9GU6Hc1og6Ls7i6U/mkkaduKaBhlAXv9k" crossorigin="anonymous"></script>
</body>
</html>